Archive member included to satisfy reference by file (symbol)

c:/program files (x86)/gnu tools arm embedded/6 2017-q1-update/bin/../lib/gcc/arm-none-eabi/6.3.1/thumb/v6-m\libgcc.a(_udivsi3.o)
                              ./User/main.o (__aeabi_uidiv)
c:/program files (x86)/gnu tools arm embedded/6 2017-q1-update/bin/../lib/gcc/arm-none-eabi/6.3.1/thumb/v6-m\libgcc.a(_dvmd_tls.o)
                              c:/program files (x86)/gnu tools arm embedded/6 2017-q1-update/bin/../lib/gcc/arm-none-eabi/6.3.1/thumb/v6-m\libgcc.a(_udivsi3.o) (__aeabi_idiv0)
c:/program files (x86)/gnu tools arm embedded/6 2017-q1-update/bin/../lib/gcc/arm-none-eabi/6.3.1/thumb/v6-m\libgcc.a(_arm_cmpsf2.o)
                              ./User/main.o (__aeabi_fcmpgt)
c:/program files (x86)/gnu tools arm embedded/6 2017-q1-update/bin/../lib/gcc/arm-none-eabi/6.3.1/thumb/v6-m\libgcc.a(_fixunssfsi.o)
                              ./User/main.o (__aeabi_f2uiz)
c:/program files (x86)/gnu tools arm embedded/6 2017-q1-update/bin/../lib/gcc/arm-none-eabi/6.3.1/thumb/v6-m\libgcc.a(addsf3.o)
                              ./User/main.o (__aeabi_fadd)
c:/program files (x86)/gnu tools arm embedded/6 2017-q1-update/bin/../lib/gcc/arm-none-eabi/6.3.1/thumb/v6-m\libgcc.a(eqsf2.o)
                              c:/program files (x86)/gnu tools arm embedded/6 2017-q1-update/bin/../lib/gcc/arm-none-eabi/6.3.1/thumb/v6-m\libgcc.a(_arm_cmpsf2.o) (__eqsf2)
c:/program files (x86)/gnu tools arm embedded/6 2017-q1-update/bin/../lib/gcc/arm-none-eabi/6.3.1/thumb/v6-m\libgcc.a(gesf2.o)
                              c:/program files (x86)/gnu tools arm embedded/6 2017-q1-update/bin/../lib/gcc/arm-none-eabi/6.3.1/thumb/v6-m\libgcc.a(_arm_cmpsf2.o) (__gesf2)
c:/program files (x86)/gnu tools arm embedded/6 2017-q1-update/bin/../lib/gcc/arm-none-eabi/6.3.1/thumb/v6-m\libgcc.a(lesf2.o)
                              c:/program files (x86)/gnu tools arm embedded/6 2017-q1-update/bin/../lib/gcc/arm-none-eabi/6.3.1/thumb/v6-m\libgcc.a(_arm_cmpsf2.o) (__lesf2)
c:/program files (x86)/gnu tools arm embedded/6 2017-q1-update/bin/../lib/gcc/arm-none-eabi/6.3.1/thumb/v6-m\libgcc.a(mulsf3.o)
                              ./User/main.o (__aeabi_fmul)
c:/program files (x86)/gnu tools arm embedded/6 2017-q1-update/bin/../lib/gcc/arm-none-eabi/6.3.1/thumb/v6-m\libgcc.a(subsf3.o)
                              c:/program files (x86)/gnu tools arm embedded/6 2017-q1-update/bin/../lib/gcc/arm-none-eabi/6.3.1/thumb/v6-m\libgcc.a(_fixunssfsi.o) (__aeabi_fsub)
c:/program files (x86)/gnu tools arm embedded/6 2017-q1-update/bin/../lib/gcc/arm-none-eabi/6.3.1/thumb/v6-m\libgcc.a(fixsfsi.o)
                              c:/program files (x86)/gnu tools arm embedded/6 2017-q1-update/bin/../lib/gcc/arm-none-eabi/6.3.1/thumb/v6-m\libgcc.a(_fixunssfsi.o) (__aeabi_f2iz)
c:/program files (x86)/gnu tools arm embedded/6 2017-q1-update/bin/../lib/gcc/arm-none-eabi/6.3.1/thumb/v6-m\libgcc.a(_clzsi2.o)
                              c:/program files (x86)/gnu tools arm embedded/6 2017-q1-update/bin/../lib/gcc/arm-none-eabi/6.3.1/thumb/v6-m\libgcc.a(addsf3.o) (__clzsi2)
c:/program files (x86)/gnu tools arm embedded/6 2017-q1-update/bin/../lib/gcc/arm-none-eabi/6.3.1/../../../../arm-none-eabi/lib/thumb/v6-m\libg_nano.a(lib_a-errno.o)
                              ./CMSIS/GCC/_syscalls.o (__errno)
c:/program files (x86)/gnu tools arm embedded/6 2017-q1-update/bin/../lib/gcc/arm-none-eabi/6.3.1/../../../../arm-none-eabi/lib/thumb/v6-m\libg_nano.a(lib_a-exit.o)
                              c:/program files (x86)/gnu tools arm embedded/6 2017-q1-update/bin/../lib/gcc/arm-none-eabi/6.3.1/../../../../arm-none-eabi/lib/thumb/v6-m/crt0.o (exit)
c:/program files (x86)/gnu tools arm embedded/6 2017-q1-update/bin/../lib/gcc/arm-none-eabi/6.3.1/../../../../arm-none-eabi/lib/thumb/v6-m\libg_nano.a(lib_a-impure.o)
                              c:/program files (x86)/gnu tools arm embedded/6 2017-q1-update/bin/../lib/gcc/arm-none-eabi/6.3.1/../../../../arm-none-eabi/lib/thumb/v6-m\libg_nano.a(lib_a-exit.o) (_global_impure_ptr)
c:/program files (x86)/gnu tools arm embedded/6 2017-q1-update/bin/../lib/gcc/arm-none-eabi/6.3.1/../../../../arm-none-eabi/lib/thumb/v6-m\libg_nano.a(lib_a-init.o)
                              c:/program files (x86)/gnu tools arm embedded/6 2017-q1-update/bin/../lib/gcc/arm-none-eabi/6.3.1/../../../../arm-none-eabi/lib/thumb/v6-m/crt0.o (__libc_init_array)
c:/program files (x86)/gnu tools arm embedded/6 2017-q1-update/bin/../lib/gcc/arm-none-eabi/6.3.1/../../../../arm-none-eabi/lib/thumb/v6-m\libg_nano.a(lib_a-memset.o)
                              c:/program files (x86)/gnu tools arm embedded/6 2017-q1-update/bin/../lib/gcc/arm-none-eabi/6.3.1/../../../../arm-none-eabi/lib/thumb/v6-m/crt0.o (memset)
[...]
Memory Configuration

Name             Origin             Length             Attributes
FLASH            0x00000000         0x00010000         xr
RAM              0x20000000         0x00002000         xrw
*default*        0x00000000         0xffffffff

Linker script and memory map

LOAD c:/program files (x86)/gnu tools arm embedded/6 2017-q1-update/bin/../lib/gcc/arm-none-eabi/6.3.1/thumb/v6-m/crti.o
LOAD c:/program files (x86)/gnu tools arm embedded/6 2017-q1-update/bin/../lib/gcc/arm-none-eabi/6.3.1/thumb/v6-m/crtbegin.o
LOAD c:/program files (x86)/gnu tools arm embedded/6 2017-q1-update/bin/../lib/gcc/arm-none-eabi/6.3.1/../../../../arm-none-eabi/lib/thumb/v6-m/crt0.o
LOAD ./User/main.o
LOAD ./Library/clk.o
LOAD ./Library/retarget.o
LOAD ./Library/sys.o
LOAD ./Library/uart.o
LOAD ./CMSIS/GCC/_syscalls.o
LOAD ./CMSIS/GCC/startup_M031Series.o
LOAD ./CMSIS/system_M031Series.o
START GROUP
LOAD c:/program files (x86)/gnu tools arm embedded/6 2017-q1-update/bin/../lib/gcc/arm-none-eabi/6.3.1/thumb/v6-m\libgcc.a
LOAD c:/program files (x86)/gnu tools arm embedded/6 2017-q1-update/bin/../lib/gcc/arm-none-eabi/6.3.1/../../../../arm-none-eabi/lib/thumb/v6-m\libg_nano.a
LOAD c:/program files (x86)/gnu tools arm embedded/6 2017-q1-update/bin/../lib/gcc/arm-none-eabi/6.3.1/../../../../arm-none-eabi/lib/thumb/v6-m\libc_nano.a
END GROUP
START GROUP
LOAD c:/program files (x86)/gnu tools arm embedded/6 2017-q1-update/bin/../lib/gcc/arm-none-eabi/6.3.1/thumb/v6-m\libgcc.a
LOAD c:/program files (x86)/gnu tools arm embedded/6 2017-q1-update/bin/../lib/gcc/arm-none-eabi/6.3.1/../../../../arm-none-eabi/lib/thumb/v6-m\libc_nano.a
END GROUP
LOAD c:/program files (x86)/gnu tools arm embedded/6 2017-q1-update/bin/../lib/gcc/arm-none-eabi/6.3.1/thumb/v6-m/crtend.o
LOAD c:/program files (x86)/gnu tools arm embedded/6 2017-q1-update/bin/../lib/gcc/arm-none-eabi/6.3.1/thumb/v6-m/crtn.o
START GROUP
LOAD c:/program files (x86)/gnu tools arm embedded/6 2017-q1-update/bin/../lib/gcc/arm-none-eabi/6.3.1/thumb/v6-m\libgcc.a
LOAD c:/program files (x86)/gnu tools arm embedded/6 2017-q1-update/bin/../lib/gcc/arm-none-eabi/6.3.1/../../../../arm-none-eabi/lib/thumb/v6-m\libc.a
LOAD c:/program files (x86)/gnu tools arm embedded/6 2017-q1-update/bin/../lib/gcc/arm-none-eabi/6.3.1/../../../../arm-none-eabi/lib/thumb/v6-m\libm.a
LOAD c:/program files (x86)/gnu tools arm embedded/6 2017-q1-update/bin/../lib/gcc/arm-none-eabi/6.3.1/../../../../arm-none-eabi/lib/thumb/v6-m\libnosys.a
END GROUP

.text           0x00000000     0x159c
 *(.vectors)
 .vectors       0x00000000       0xc0 ./CMSIS/GCC/startup_M031Series.o
                0x00000000                __Vectors
                0x000000c0                __Vectors_End = .
                0x000000c0                __Vectors_Size = (__Vectors_End - __Vectors)
                0x000000c0                __end__ = .
 *(.text*)
 .text          0x000000c0       0x60 c:/program files (x86)/gnu tools arm embedded/6 2017-q1-update/bin/../lib/gcc/arm-none-eabi/6.3.1/thumb/v6-m/crtbegin.o
 .text          0x00000120       0x78 c:/program files (x86)/gnu tools arm embedded/6 2017-q1-update/bin/../lib/gcc/arm-none-eabi/6.3.1/../../../../arm-none-eabi/lib/thumb/v6-m/crt0.o
                0x00000120                _start
                0x00000120                _mainCRTStartup
 .text.stackDump
                0x00000198       0x68 ./Library/retarget.o
 .text.Hard_Fault_Handler
                0x00000200       0x18 ./Library/retarget.o
                0x00000200                Hard_Fault_Handler
 .text.HardFault_Handler
                0x00000218       0x20 ./Library/retarget.o
                0x00000218                HardFault_Handler
 .text._write   0x00000238       0x40 ./Library/retarget.o
                0x00000238                _write
 .text._read    0x00000278       0x18 ./Library/retarget.o
                0x00000278                _read
 .text._close   0x00000290       0x10 ./CMSIS/GCC/_syscalls.o
                0x00000290                _close
 .text._fstat   0x000002a0       0x10 ./CMSIS/GCC/_syscalls.o
                0x000002a0                _fstat
 .text._isatty  0x000002b0        0xe ./CMSIS/GCC/_syscalls.o
                0x000002b0                _isatty
 .text._lseek   0x000002be       0x10 ./CMSIS/GCC/_syscalls.o
                0x000002be                _lseek
 *fill*         0x000002ce        0x2 
 .text          0x000002d0       0x5c ./CMSIS/GCC/startup_M031Series.o
                0x000002d0                Reset_Handler
                0x00000328                I2C0_IRQHandler
                0x00000328                SysTick_Handler
                0x00000328                PWM1_IRQHandler
                0x00000328                PendSV_Handler
                0x00000328                NMI_Handler
                0x00000328                I2C1_IRQHandler
                0x00000328                EINT135_IRQHandler
                0x00000328                USBD_IRQHandler
                0x00000328                TMR0_IRQHandler
                0x00000328                UART13_IRQHandler
                0x00000328                QSPI0_IRQHandler
                0x00000328                UART57_IRQHandler
                0x00000328                EINT024_IRQHandler
                0x00000328                RTC_IRQHandler
                0x00000328                PWRWU_IRQHandler
                0x00000328                ACMP01_IRQHandler
                0x00000328                BPWM1_IRQHandler
                0x00000328                GPABGH_IRQHandler
                0x00000328                Default_Handler
                0x00000328                CKFAIL_IRQHandler
                0x00000328                ADC_IRQHandler
                0x00000328                UART46_IRQHandler
                0x00000328                TMR2_IRQHandler
                0x00000328                BPWM0_IRQHandler
                0x00000328                BOD_IRQHandler
                0x00000328                UART02_IRQHandler
                0x00000328                WDT_IRQHandler
                0x00000328                SVC_Handler
                0x00000328                PDMA_IRQHandler
                0x00000328                ISP_IRQHandler
                0x00000328                PWM0_IRQHandler
                0x00000328                TMR3_IRQHandler
                0x00000328                GPCDEF_IRQHandler
                0x00000328                SPI0_IRQHandler
                0x00000328                USCI01_IRQHandler
                0x00000328                TMR1_IRQHandler
 .text.SystemInit
                0x0000032c       0x44 ./CMSIS/system_M031Series.o
                0x0000032c                SystemInit
 .text          0x00000370      0x114 c:/program files (x86)/gnu tools arm embedded/6 2017-q1-update/bin/../lib/gcc/arm-none-eabi/6.3.1/thumb/v6-m\libgcc.a(_udivsi3.o)
                0x00000370                __aeabi_uidiv
                0x00000370                __udivsi3
                0x0000047c                __aeabi_uidivmod
 .text          0x00000484        0x4 c:/program files (x86)/gnu tools arm embedded/6 2017-q1-update/bin/../lib/gcc/arm-none-eabi/6.3.1/thumb/v6-m\libgcc.a(_dvmd_tls.o)
                0x00000484                __aeabi_idiv0
                0x00000484                __aeabi_ldiv0
 .text.__errno  0x00000488        0xc c:/program files (x86)/gnu tools arm embedded/6 2017-q1-update/bin/../lib/gcc/arm-none-eabi/6.3.1/../../../../arm-none-eabi/lib/thumb/v6-m\libg_nano.a(lib_a-errno.o)
                0x00000488                __errno
 .text.exit     0x00000494       0x2c c:/program files (x86)/gnu tools arm embedded/6 2017-q1-update/bin/../lib/gcc/arm-none-eabi/6.3.1/../../../../arm-none-eabi/lib/thumb/v6-m\libg_nano.a(lib_a-exit.o)
                0x00000494                exit
 .text.__libc_init_array
                0x000004c0       0x48 c:/program files (x86)/gnu tools arm embedded/6 2017-q1-update/bin/../lib/gcc/arm-none-eabi/6.3.1/../../../../arm-none-eabi/lib/thumb/v6-m\libg_nano.a(lib_a-init.o)
                0x000004c0                __libc_init_array
 .text.memset   0x00000508       0x10 c:/program files (x86)/gnu tools arm embedded/6 2017-q1-update/bin/../lib/gcc/arm-none-eabi/6.3.1/../../../../arm-none-eabi/lib/thumb/v6-m\libg_nano.a(lib_a-memset.o)
                0x00000508                memset
 .text.printf   0x00000518       0x34 c:/program files (x86)/gnu tools arm embedded/6 2017-q1-update/bin/../lib/gcc/arm-none-eabi/6.3.1/../../../../arm-none-eabi/lib/thumb/v6-m\libg_nano.a(lib_a-printf.o)
                0x00000518                iprintf
                0x00000518                printf
 .text._puts_r  0x0000054c       0xc0 c:/program files (x86)/gnu tools arm embedded/6 2017-q1-update/bin/../lib/gcc/arm-none-eabi/6.3.1/../../../../arm-none-eabi/lib/thumb/v6-m\libg_nano.a(lib_a-puts.o)
                0x0000054c                _puts_r
 .text.puts     0x0000060c       0x14 c:/program files (x86)/gnu tools arm embedded/6 2017-q1-update/bin/../lib/gcc/arm-none-eabi/6.3.1/../../../../arm-none-eabi/lib/thumb/v6-m\libg_nano.a(lib_a-puts.o)
                0x0000060c                puts
 .text.__swbuf_r
                0x00000620       0xac c:/program files (x86)/gnu tools arm embedded/6 2017-q1-update/bin/../lib/gcc/arm-none-eabi/6.3.1/../../../../arm-none-eabi/lib/thumb/v6-m\libg_nano.a(lib_a-wbuf.o)
                0x00000620                __swbuf_r
 .text.__swsetup_r
                0x000006cc       0xec c:/program files (x86)/gnu tools arm embedded/6 2017-q1-update/bin/../lib/gcc/arm-none-eabi/6.3.1/../../../../arm-none-eabi/lib/thumb/v6-m\libg_nano.a(lib_a-wsetup.o)
                0x000006cc                __swsetup_r
 .text.__sflush_r
                0x000007b8      0x114 c:/program files (x86)/gnu tools arm embedded/6 2017-q1-update/bin/../lib/gcc/arm-none-eabi/6.3.1/../../../../arm-none-eabi/lib/thumb/v6-m\libg_nano.a(lib_a-fflush.o)
                0x000007b8                __sflush_r
 .text._fflush_r
                0x000008cc       0x58 c:/program files (x86)/gnu tools arm embedded/6 2017-q1-update/bin/../lib/gcc/arm-none-eabi/6.3.1/../../../../arm-none-eabi/lib/thumb/v6-m\libg_nano.a(lib_a-fflush.o)
                0x000008cc                _fflush_r
 .text._cleanup_r
                0x00000924       0x10 c:/program files (x86)/gnu tools arm embedded/6 2017-q1-update/bin/../lib/gcc/arm-none-eabi/6.3.1/../../../../arm-none-eabi/lib/thumb/v6-m\libg_nano.a(lib_a-findfp.o)
                0x00000924                _cleanup_r
 .text.std.isra.0
                0x00000934       0x48 c:/program files (x86)/gnu tools arm embedded/6 2017-q1-update/bin/../lib/gcc/arm-none-eabi/6.3.1/../../../../arm-none-eabi/lib/thumb/v6-m\libg_nano.a(lib_a-findfp.o)
 .text.__sfmoreglue
                0x0000097c       0x2c c:/program files (x86)/gnu tools arm embedded/6 2017-q1-update/bin/../lib/gcc/arm-none-eabi/6.3.1/../../../../arm-none-eabi/lib/thumb/v6-m\libg_nano.a(lib_a-findfp.o)
                0x0000097c                __sfmoreglue
 .text.__sinit  0x000009a8       0x68 c:/program files (x86)/gnu tools arm embedded/6 2017-q1-update/bin/../lib/gcc/arm-none-eabi/6.3.1/../../../../arm-none-eabi/lib/thumb/v6-m\libg_nano.a(lib_a-findfp.o)
                0x000009a8                __sinit
 .text.__sfp    0x00000a10       0x80 c:/program files (x86)/gnu tools arm embedded/6 2017-q1-update/bin/../lib/gcc/arm-none-eabi/6.3.1/../../../../arm-none-eabi/lib/thumb/v6-m\libg_nano.a(lib_a-findfp.o)
                0x00000a10                __sfp
 .text._fwalk_reent
                0x00000a90       0x42 c:/program files (x86)/gnu tools arm embedded/6 2017-q1-update/bin/../lib/gcc/arm-none-eabi/6.3.1/../../../../arm-none-eabi/lib/thumb/v6-m\libg_nano.a(lib_a-fwalk.o)
                0x00000a90                _fwalk_reent
 *fill*         0x00000ad2        0x2 
 .text.__swhatbuf_r
                0x00000ad4       0x50 c:/program files (x86)/gnu tools arm embedded/6 2017-q1-update/bin/../lib/gcc/arm-none-eabi/6.3.1/../../../../arm-none-eabi/lib/thumb/v6-m\libg_nano.a(lib_a-makebuf.o)
                0x00000ad4                __swhatbuf_r
 .text.__smakebuf_r
                0x00000b24       0x88 c:/program files (x86)/gnu tools arm embedded/6 2017-q1-update/bin/../lib/gcc/arm-none-eabi/6.3.1/../../../../arm-none-eabi/lib/thumb/v6-m\libg_nano.a(lib_a-makebuf.o)
                0x00000b24                __smakebuf_r
 .text._free_r  0x00000bac       0x94 c:/program files (x86)/gnu tools arm embedded/6 2017-q1-update/bin/../lib/gcc/arm-none-eabi/6.3.1/../../../../arm-none-eabi/lib/thumb/v6-m\libg_nano.a(lib_a-nano-freer.o)
                0x00000bac                _free_r
 .text._malloc_r
                0x00000c40       0xbc c:/program files (x86)/gnu tools arm embedded/6 2017-q1-update/bin/../lib/gcc/arm-none-eabi/6.3.1/../../../../arm-none-eabi/lib/thumb/v6-m\libg_nano.a(lib_a-nano-mallocr.o)
                0x00000c40                _malloc_r
 .text.__sfputc_r
                0x00000cfc       0x2a c:/program files (x86)/gnu tools arm embedded/6 2017-q1-update/bin/../lib/gcc/arm-none-eabi/6.3.1/../../../../arm-none-eabi/lib/thumb/v6-m\libg_nano.a(lib_a-nano-vfprintf.o)
 .text.__sfputs_r
                0x00000d26       0x24 c:/program files (x86)/gnu tools arm embedded/6 2017-q1-update/bin/../lib/gcc/arm-none-eabi/6.3.1/../../../../arm-none-eabi/lib/thumb/v6-m\libg_nano.a(lib_a-nano-vfprintf.o)
                0x00000d26                __sfputs_r
 *fill*         0x00000d4a        0x2 
 .text._vfprintf_r
                0x00000d4c      0x238 c:/program files (x86)/gnu tools arm embedded/6 2017-q1-update/bin/../lib/gcc/arm-none-eabi/6.3.1/../../../../arm-none-eabi/lib/thumb/v6-m\libg_nano.a(lib_a-nano-vfprintf.o)
                0x00000d4c                _vfprintf_r
                0x00000d4c                _vfiprintf_r
 .text._printf_common
                0x00000f84       0xda c:/program files (x86)/gnu tools arm embedded/6 2017-q1-update/bin/../lib/gcc/arm-none-eabi/6.3.1/../../../../arm-none-eabi/lib/thumb/v6-m\libg_nano.a(lib_a-nano-vfprintf_i.o)
                0x00000f84                _printf_common
 *fill*         0x0000105e        0x2 
 .text._printf_i
                0x00001060      0x234 c:/program files (x86)/gnu tools arm embedded/6 2017-q1-update/bin/../lib/gcc/arm-none-eabi/6.3.1/../../../../arm-none-eabi/lib/thumb/v6-m\libg_nano.a(lib_a-nano-vfprintf_i.o)
                0x00001060                _printf_i
 .text._sbrk_r  0x00001294       0x24 c:/program files (x86)/gnu tools arm embedded/6 2017-q1-update/bin/../lib/gcc/arm-none-eabi/6.3.1/../../../../arm-none-eabi/lib/thumb/v6-m\libg_nano.a(lib_a-sbrkr.o)
                0x00001294                _sbrk_r
 .text.__sread  0x000012b8       0x28 c:/program files (x86)/gnu tools arm embedded/6 2017-q1-update/bin/../lib/gcc/arm-none-eabi/6.3.1/../../../../arm-none-eabi/lib/thumb/v6-m\libg_nano.a(lib_a-stdio.o)
                0x000012b8                __sread
 .text.__swrite
                0x000012e0       0x38 c:/program files (x86)/gnu tools arm embedded/6 2017-q1-update/bin/../lib/gcc/arm-none-eabi/6.3.1/../../../../arm-none-eabi/lib/thumb/v6-m\libg_nano.a(lib_a-stdio.o)
                0x000012e0                __swrite
 .text.__sseek  0x00001318       0x2c c:/program files (x86)/gnu tools arm embedded/6 2017-q1-update/bin/../lib/gcc/arm-none-eabi/6.3.1/../../../../arm-none-eabi/lib/thumb/v6-m\libg_nano.a(lib_a-stdio.o)
                0x00001318                __sseek
 .text.__sclose
                0x00001344        0xc c:/program files (x86)/gnu tools arm embedded/6 2017-q1-update/bin/../lib/gcc/arm-none-eabi/6.3.1/../../../../arm-none-eabi/lib/thumb/v6-m\libg_nano.a(lib_a-stdio.o)
                0x00001344                __sclose
 .text._write_r
                0x00001350       0x28 c:/program files (x86)/gnu tools arm embedded/6 2017-q1-update/bin/../lib/gcc/arm-none-eabi/6.3.1/../../../../arm-none-eabi/lib/thumb/v6-m\libg_nano.a(lib_a-writer.o)
                0x00001350                _write_r
 .text._close_r
                0x00001378       0x24 c:/program files (x86)/gnu tools arm embedded/6 2017-q1-update/bin/../lib/gcc/arm-none-eabi/6.3.1/../../../../arm-none-eabi/lib/thumb/v6-m\libg_nano.a(lib_a-closer.o)
                0x00001378                _close_r
 .text._fstat_r
                0x0000139c       0x24 c:/program files (x86)/gnu tools arm embedded/6 2017-q1-update/bin/../lib/gcc/arm-none-eabi/6.3.1/../../../../arm-none-eabi/lib/thumb/v6-m\libg_nano.a(lib_a-fstatr.o)
                0x0000139c                _fstat_r
 .text._isatty_r
                0x000013c0       0x24 c:/program files (x86)/gnu tools arm embedded/6 2017-q1-update/bin/../lib/gcc/arm-none-eabi/6.3.1/../../../../arm-none-eabi/lib/thumb/v6-m\libg_nano.a(lib_a-isattyr.o)
                0x000013c0                _isatty_r
 .text._lseek_r
                0x000013e4       0x28 c:/program files (x86)/gnu tools arm embedded/6 2017-q1-update/bin/../lib/gcc/arm-none-eabi/6.3.1/../../../../arm-none-eabi/lib/thumb/v6-m\libg_nano.a(lib_a-lseekr.o)
                0x000013e4                _lseek_r
 .text.memchr   0x0000140c       0x16 c:/program files (x86)/gnu tools arm embedded/6 2017-q1-update/bin/../lib/gcc/arm-none-eabi/6.3.1/../../../../arm-none-eabi/lib/thumb/v6-m\libg_nano.a(lib_a-memchr-stub.o)
                0x0000140c                memchr
 .text.__malloc_lock
                0x00001422        0x2 c:/program files (x86)/gnu tools arm embedded/6 2017-q1-update/bin/../lib/gcc/arm-none-eabi/6.3.1/../../../../arm-none-eabi/lib/thumb/v6-m\libg_nano.a(lib_a-mlock.o)
                0x00001422                __malloc_lock
 .text.__malloc_unlock
                0x00001424        0x2 c:/program files (x86)/gnu tools arm embedded/6 2017-q1-update/bin/../lib/gcc/arm-none-eabi/6.3.1/../../../../arm-none-eabi/lib/thumb/v6-m\libg_nano.a(lib_a-mlock.o)
                0x00001424                __malloc_unlock
 *fill*         0x00001426        0x2 
 .text._read_r  0x00001428       0x28 c:/program files (x86)/gnu tools arm embedded/6 2017-q1-update/bin/../lib/gcc/arm-none-eabi/6.3.1/../../../../arm-none-eabi/lib/thumb/v6-m\libg_nano.a(lib_a-readr.o)
                0x00001428                _read_r
 .text._sbrk    0x00001450       0x1c c:/program files (x86)/gnu tools arm embedded/6 2017-q1-update/bin/../lib/gcc/arm-none-eabi/6.3.1/../../../../arm-none-eabi/lib/thumb/v6-m\libnosys.a(sbrk.o)
                0x00001450                _sbrk
 .text._exit    0x0000146c        0x4 c:/program files (x86)/gnu tools arm embedded/6 2017-q1-update/bin/../lib/gcc/arm-none-eabi/6.3.1/../../../../arm-none-eabi/lib/thumb/v6-m\libnosys.a(_exit.o)
                0x0000146c                _exit
 *(.init)
 .init          0x00001470        0x4 c:/program files (x86)/gnu tools arm embedded/6 2017-q1-update/bin/../lib/gcc/arm-none-eabi/6.3.1/thumb/v6-m/crti.o
                0x00001470                _init
 .init          0x00001474        0x8 c:/program files (x86)/gnu tools arm embedded/6 2017-q1-update/bin/../lib/gcc/arm-none-eabi/6.3.1/thumb/v6-m/crtn.o
 *(.fini)
 .fini          0x0000147c        0x4 c:/program files (x86)/gnu tools arm embedded/6 2017-q1-update/bin/../lib/gcc/arm-none-eabi/6.3.1/thumb/v6-m/crti.o
                0x0000147c                _fini
 .fini          0x00001480        0x8 c:/program files (x86)/gnu tools arm embedded/6 2017-q1-update/bin/../lib/gcc/arm-none-eabi/6.3.1/thumb/v6-m/crtn.o
 *crtbegin.o(.ctors)
 *crtbegin?.o(.ctors)
 *(EXCLUDE_FILE(*crtend.o *crtend?.o) .ctors)
 *(SORT(.ctors.*))
 *(.ctors)
 *crtbegin.o(.dtors)
 *crtbegin?.o(.dtors)
 *(EXCLUDE_FILE(*crtend.o *crtend?.o) .dtors)
 *(SORT(.dtors.*))
 *(.dtors)
 *(.rodata*)
 .rodata.Hard_Fault_Handler.str1.4
                0x00001488       0x16 ./Library/retarget.o
 *fill*         0x0000149e        0x2 
 .rodata.stackDump.str1.4
                0x000014a0       0x60 ./Library/retarget.o
 .rodata._global_impure_ptr
                0x00001500        0x4 c:/program files (x86)/gnu tools arm embedded/6 2017-q1-update/bin/../lib/gcc/arm-none-eabi/6.3.1/../../../../arm-none-eabi/lib/thumb/v6-m\libg_nano.a(lib_a-impure.o)
                0x00001500                _global_impure_ptr
 .rodata.__sf_fake_stderr
                0x00001504       0x20 c:/program files (x86)/gnu tools arm embedded/6 2017-q1-update/bin/../lib/gcc/arm-none-eabi/6.3.1/../../../../arm-none-eabi/lib/thumb/v6-m\libg_nano.a(lib_a-findfp.o)
                0x00001504                __sf_fake_stderr
 .rodata.__sf_fake_stdin
                0x00001524       0x20 c:/program files (x86)/gnu tools arm embedded/6 2017-q1-update/bin/../lib/gcc/arm-none-eabi/6.3.1/../../../../arm-none-eabi/lib/thumb/v6-m\libg_nano.a(lib_a-findfp.o)
                0x00001524                __sf_fake_stdin
 .rodata.__sf_fake_stdout
                0x00001544       0x20 c:/program files (x86)/gnu tools arm embedded/6 2017-q1-update/bin/../lib/gcc/arm-none-eabi/6.3.1/../../../../arm-none-eabi/lib/thumb/v6-m\libg_nano.a(lib_a-findfp.o)
                0x00001544                __sf_fake_stdout
 .rodata._vfprintf_r.str1.1
                0x00001564       0x11 c:/program files (x86)/gnu tools arm embedded/6 2017-q1-update/bin/../lib/gcc/arm-none-eabi/6.3.1/../../../../arm-none-eabi/lib/thumb/v6-m\libg_nano.a(lib_a-nano-vfprintf.o)
 .rodata._printf_i.str1.1
                0x00001575       0x22 c:/program files (x86)/gnu tools arm embedded/6 2017-q1-update/bin/../lib/gcc/arm-none-eabi/6.3.1/../../../../arm-none-eabi/lib/thumb/v6-m\libg_nano.a(lib_a-nano-vfprintf_i.o)
 *(.eh_frame*)
 *fill*         0x00001597        0x1 
 .eh_frame      0x00001598        0x0 c:/program files (x86)/gnu tools arm embedded/6 2017-q1-update/bin/../lib/gcc/arm-none-eabi/6.3.1/thumb/v6-m/crtbegin.o
 .eh_frame      0x00001598        0x4 c:/program files (x86)/gnu tools arm embedded/6 2017-q1-update/bin/../lib/gcc/arm-none-eabi/6.3.1/thumb/v6-m/crtend.o

.glue_7         0x0000159c        0x0
 .glue_7        0x0000159c        0x0 linker stubs

.glue_7t        0x0000159c        0x0
 .glue_7t       0x0000159c        0x0 linker stubs

.vfp11_veneer   0x0000159c        0x0
 .vfp11_veneer  0x0000159c        0x0 linker stubs

.v4_bx          0x0000159c        0x0
 .v4_bx         0x0000159c        0x0 linker stubs

.iplt           0x0000159c        0x0
 .iplt          0x0000159c        0x0 c:/program files (x86)/gnu tools arm embedded/6 2017-q1-update/bin/../lib/gcc/arm-none-eabi/6.3.1/thumb/v6-m/crtbegin.o

.ARM.extab
 *(.ARM.extab* .gnu.linkonce.armextab.*)
                0x0000159c                __exidx_start = .

.ARM.exidx      0x0000159c        0x8
 *(.ARM.exidx* .gnu.linkonce.armexidx.*)
 .ARM.exidx     0x0000159c        0x8 c:/program files (x86)/gnu tools arm embedded/6 2017-q1-update/bin/../lib/gcc/arm-none-eabi/6.3.1/../../../../arm-none-eabi/lib/thumb/v6-m/crt0.o
                0x000015a4                __exidx_end = .
                0x000015a4                __etext = .

.rel.dyn        0x000015a4        0x0
 .rel.iplt      0x000015a4        0x0 c:/program files (x86)/gnu tools arm embedded/6 2017-q1-update/bin/../lib/gcc/arm-none-eabi/6.3.1/thumb/v6-m/crtbegin.o

.data           0x20000000       0x70 load address 0x000015a4
                0x20000000                __data_start__ = .
 *(vtable)
 *(.data*)
 .data._impure_ptr
                0x20000000        0x4 c:/program files (x86)/gnu tools arm embedded/6 2017-q1-update/bin/../lib/gcc/arm-none-eabi/6.3.1/../../../../arm-none-eabi/lib/thumb/v6-m\libg_nano.a(lib_a-impure.o)
                0x20000000                _impure_ptr
 .data.impure_data
                0x20000004       0x60 c:/program files (x86)/gnu tools arm embedded/6 2017-q1-update/bin/../lib/gcc/arm-none-eabi/6.3.1/../../../../arm-none-eabi/lib/thumb/v6-m\libg_nano.a(lib_a-impure.o)
                0x20000064                . = ALIGN (0x4)
                0x20000064                PROVIDE (__preinit_array_start, .)
 *(.preinit_array)
                0x20000064                PROVIDE (__preinit_array_end, .)
                0x20000064                . = ALIGN (0x4)
                0x20000064                PROVIDE (__init_array_start, .)
 *(SORT(.init_array.*))
 *(.init_array)
 .init_array    0x20000064        0x4 c:/program files (x86)/gnu tools arm embedded/6 2017-q1-update/bin/../lib/gcc/arm-none-eabi/6.3.1/thumb/v6-m/crtbegin.o
                0x20000068                PROVIDE (__init_array_end, .)
                0x20000068                . = ALIGN (0x4)
                [!provide]                PROVIDE (__fini_array_start, .)
 *(SORT(.fini_array.*))
 *(.fini_array)
 .fini_array    0x20000068        0x4 c:/program files (x86)/gnu tools arm embedded/6 2017-q1-update/bin/../lib/gcc/arm-none-eabi/6.3.1/thumb/v6-m/crtbegin.o
                [!provide]                PROVIDE (__fini_array_end, .)
 *(.jcr*)
 .jcr           0x2000006c        0x0 c:/program files (x86)/gnu tools arm embedded/6 2017-q1-update/bin/../lib/gcc/arm-none-eabi/6.3.1/thumb/v6-m/crtbegin.o
 .jcr           0x2000006c        0x4 c:/program files (x86)/gnu tools arm embedded/6 2017-q1-update/bin/../lib/gcc/arm-none-eabi/6.3.1/thumb/v6-m/crtend.o
                0x20000070                . = ALIGN (0x4)
                0x20000070                __data_end__ = .

.igot.plt       0x20000070        0x0 load address 0x00001614
 .igot.plt      0x20000070        0x0 c:/program files (x86)/gnu tools arm embedded/6 2017-q1-update/bin/../lib/gcc/arm-none-eabi/6.3.1/thumb/v6-m/crtbegin.o

.bss            0x20000070       0x2c load address 0x00001614
                0x20000070                . = ALIGN (0x4)
                0x20000070                __bss_start__ = .
 *(.bss*)
 .bss           0x20000070       0x1c c:/program files (x86)/gnu tools arm embedded/6 2017-q1-update/bin/../lib/gcc/arm-none-eabi/6.3.1/thumb/v6-m/crtbegin.o
 .bss.__malloc_free_list
                0x2000008c        0x4 c:/program files (x86)/gnu tools arm embedded/6 2017-q1-update/bin/../lib/gcc/arm-none-eabi/6.3.1/../../../../arm-none-eabi/lib/thumb/v6-m\libg_nano.a(lib_a-nano-mallocr.o)
                0x2000008c                __malloc_free_list
 .bss.__malloc_sbrk_start
                0x20000090        0x4 c:/program files (x86)/gnu tools arm embedded/6 2017-q1-update/bin/../lib/gcc/arm-none-eabi/6.3.1/../../../../arm-none-eabi/lib/thumb/v6-m\libg_nano.a(lib_a-nano-mallocr.o)
                0x20000090                __malloc_sbrk_start
 .bss.heap_end.4116
                0x20000094        0x4 c:/program files (x86)/gnu tools arm embedded/6 2017-q1-update/bin/../lib/gcc/arm-none-eabi/6.3.1/../../../../arm-none-eabi/lib/thumb/v6-m\libnosys.a(sbrk.o)
 *(COMMON)
 COMMON         0x20000098        0x4 ./CMSIS/GCC/_syscalls.o
                0x20000098                errno
                0x2000009c                . = ALIGN (0x4)
                0x2000009c                __bss_end__ = .

.heap           0x200000a0      0x100
                0x200000a0                __HeapBase = .
                0x200000a0                __end__ = .
                0x200000a0                end = __end__
 *(.heap*)
 .heap          0x200000a0      0x100 ./CMSIS/GCC/startup_M031Series.o
                0x200001a0                __HeapLimit = .

.stack_dummy    0x200000a0      0x200
 *(.stack*)
 .stack         0x200000a0      0x200 ./CMSIS/GCC/startup_M031Series.o
                0x20002000                __StackTop = (ORIGIN (RAM) + LENGTH (RAM))
                0x20001e00                __StackLimit = (__StackTop - SIZEOF (.stack_dummy))
                0x20002000                PROVIDE (__stack, __StackTop)
                0x00000001                ASSERT ((__StackLimit >= __HeapLimit), region RAM overflowed with stack)
OUTPUT(ADC_READ_BLOCKING_CALL.elf elf32-littlearm)

.ARM.attributes
                0x00000000       0x28
 .ARM.attributes
                0x00000000       0x1e c:/program files (x86)/gnu tools arm embedded/6 2017-q1-update/bin/../lib/gcc/arm-none-eabi/6.3.1/thumb/v6-m/crti.o
 .ARM.attributes
                0x0000001e       0x2c c:/program files (x86)/gnu tools arm embedded/6 2017-q1-update/bin/../lib/gcc/arm-none-eabi/6.3.1/thumb/v6-m/crtbegin.o
 .ARM.attributes
                0x0000004a       0x1b c:/program files (x86)/gnu tools arm embedded/6 2017-q1-update/bin/../lib/gcc/arm-none-eabi/6.3.1/../../../../arm-none-eabi/lib/thumb/v6-m/crt0.o
 .ARM.attributes
                0x00000065       0x31 ./Library/retarget.o
 .ARM.attributes
                0x00000096       0x31 ./CMSIS/GCC/_syscalls.o
 .ARM.attributes
                0x000000c7       0x1b ./CMSIS/GCC/startup_M031Series.o
 .ARM.attributes
                0x000000e2       0x31 ./CMSIS/system_M031Series.o
 .ARM.attributes
                0x00000113       0x1e c:/program files (x86)/gnu tools arm embedded/6 2017-q1-update/bin/../lib/gcc/arm-none-eabi/6.3.1/thumb/v6-m\libgcc.a(_udivsi3.o)
 .ARM.attributes
                0x00000131       0x1e c:/program files (x86)/gnu tools arm embedded/6 2017-q1-update/bin/../lib/gcc/arm-none-eabi/6.3.1/thumb/v6-m\libgcc.a(_dvmd_tls.o)
 .ARM.attributes
                0x0000014f       0x2c c:/program files (x86)/gnu tools arm embedded/6 2017-q1-update/bin/../lib/gcc/arm-none-eabi/6.3.1/../../../../arm-none-eabi/lib/thumb/v6-m\libg_nano.a(lib_a-errno.o)
 .ARM.attributes
                0x0000017b       0x2c c:/program files (x86)/gnu tools arm embedded/6 2017-q1-update/bin/../lib/gcc/arm-none-eabi/6.3.1/../../../../arm-none-eabi/lib/thumb/v6-m\libg_nano.a(lib_a-exit.o)
 .ARM.attributes
                0x000001a7       0x2c c:/program files (x86)/gnu tools arm embedded/6 2017-q1-update/bin/../lib/gcc/arm-none-eabi/6.3.1/../../../../arm-none-eabi/lib/thumb/v6-m\libg_nano.a(lib_a-impure.o)
 .ARM.attributes
                0x000001d3       0x2c c:/program files (x86)/gnu tools arm embedded/6 2017-q1-update/bin/../lib/gcc/arm-none-eabi/6.3.1/../../../../arm-none-eabi/lib/thumb/v6-m\libg_nano.a(lib_a-init.o)
 .ARM.attributes
                0x000001ff       0x2c c:/program files (x86)/gnu tools arm embedded/6 2017-q1-update/bin/../lib/gcc/arm-none-eabi/6.3.1/../../../../arm-none-eabi/lib/thumb/v6-m\libg_nano.a(lib_a-memset.o)
 .ARM.attributes
                0x0000022b       0x2c c:/program files (x86)/gnu tools arm embedded/6 2017-q1-update/bin/../lib/gcc/arm-none-eabi/6.3.1/../../../../arm-none-eabi/lib/thumb/v6-m\libg_nano.a(lib_a-printf.o)
 .ARM.attributes
                0x00000257       0x2c c:/program files (x86)/gnu tools arm embedded/6 2017-q1-update/bin/../lib/gcc/arm-none-eabi/6.3.1/../../../../arm-none-eabi/lib/thumb/v6-m\libg_nano.a(lib_a-puts.o)
 .ARM.attributes
                0x00000283       0x2c c:/program files (x86)/gnu tools arm embedded/6 2017-q1-update/bin/../lib/gcc/arm-none-eabi/6.3.1/../../../../arm-none-eabi/lib/thumb/v6-m\libg_nano.a(lib_a-wbuf.o)
 .ARM.attributes
                0x000002af       0x2c c:/program files (x86)/gnu tools arm embedded/6 2017-q1-update/bin/../lib/gcc/arm-none-eabi/6.3.1/../../../../arm-none-eabi/lib/thumb/v6-m\libg_nano.a(lib_a-wsetup.o)
 .ARM.attributes
                0x000002db       0x2c c:/program files (x86)/gnu tools arm embedded/6 2017-q1-update/bin/../lib/gcc/arm-none-eabi/6.3.1/../../../../arm-none-eabi/lib/thumb/v6-m\libg_nano.a(lib_a-fflush.o)
 .ARM.attributes
                0x00000307       0x2c c:/program files (x86)/gnu tools arm embedded/6 2017-q1-update/bin/../lib/gcc/arm-none-eabi/6.3.1/../../../../arm-none-eabi/lib/thumb/v6-m\libg_nano.a(lib_a-findfp.o)
 .ARM.attributes
                0x00000333       0x2c c:/program files (x86)/gnu tools arm embedded/6 2017-q1-update/bin/../lib/gcc/arm-none-eabi/6.3.1/../../../../arm-none-eabi/lib/thumb/v6-m\libg_nano.a(lib_a-fwalk.o)
 .ARM.attributes
                0x0000035f       0x2c c:/program files (x86)/gnu tools arm embedded/6 2017-q1-update/bin/../lib/gcc/arm-none-eabi/6.3.1/../../../../arm-none-eabi/lib/thumb/v6-m\libg_nano.a(lib_a-makebuf.o)
 .ARM.attributes
                0x0000038b       0x2c c:/program files (x86)/gnu tools arm embedded/6 2017-q1-update/bin/../lib/gcc/arm-none-eabi/6.3.1/../../../../arm-none-eabi/lib/thumb/v6-m\libg_nano.a(lib_a-nano-freer.o)
 .ARM.attributes
                0x000003b7       0x2c c:/program files (x86)/gnu tools arm embedded/6 2017-q1-update/bin/../lib/gcc/arm-none-eabi/6.3.1/../../../../arm-none-eabi/lib/thumb/v6-m\libg_nano.a(lib_a-nano-mallocr.o)
 .ARM.attributes
                0x000003e3       0x2c c:/program files (x86)/gnu tools arm embedded/6 2017-q1-update/bin/../lib/gcc/arm-none-eabi/6.3.1/../../../../arm-none-eabi/lib/thumb/v6-m\libg_nano.a(lib_a-nano-vfprintf.o)
 .ARM.attributes
                0x0000040f       0x2c c:/program files (x86)/gnu tools arm embedded/6 2017-q1-update/bin/../lib/gcc/arm-none-eabi/6.3.1/../../../../arm-none-eabi/lib/thumb/v6-m\libg_nano.a(lib_a-nano-vfprintf_i.o)
 .ARM.attributes
                0x0000043b       0x2c c:/program files (x86)/gnu tools arm embedded/6 2017-q1-update/bin/../lib/gcc/arm-none-eabi/6.3.1/../../../../arm-none-eabi/lib/thumb/v6-m\libg_nano.a(lib_a-sbrkr.o)
 .ARM.attributes
                0x00000467       0x2c c:/program files (x86)/gnu tools arm embedded/6 2017-q1-update/bin/../lib/gcc/arm-none-eabi/6.3.1/../../../../arm-none-eabi/lib/thumb/v6-m\libg_nano.a(lib_a-stdio.o)
 .ARM.attributes
                0x00000493       0x2c c:/program files (x86)/gnu tools arm embedded/6 2017-q1-update/bin/../lib/gcc/arm-none-eabi/6.3.1/../../../../arm-none-eabi/lib/thumb/v6-m\libg_nano.a(lib_a-writer.o)
 .ARM.attributes
                0x000004bf       0x2c c:/program files (x86)/gnu tools arm embedded/6 2017-q1-update/bin/../lib/gcc/arm-none-eabi/6.3.1/../../../../arm-none-eabi/lib/thumb/v6-m\libg_nano.a(lib_a-closer.o)
 .ARM.attributes
                0x000004eb       0x2c c:/program files (x86)/gnu tools arm embedded/6 2017-q1-update/bin/../lib/gcc/arm-none-eabi/6.3.1/../../../../arm-none-eabi/lib/thumb/v6-m\libg_nano.a(lib_a-fstatr.o)
 .ARM.attributes
                0x00000517       0x2c c:/program files (x86)/gnu tools arm embedded/6 2017-q1-update/bin/../lib/gcc/arm-none-eabi/6.3.1/../../../../arm-none-eabi/lib/thumb/v6-m\libg_nano.a(lib_a-isattyr.o)
 .ARM.attributes
                0x00000543       0x2c c:/program files (x86)/gnu tools arm embedded/6 2017-q1-update/bin/../lib/gcc/arm-none-eabi/6.3.1/../../../../arm-none-eabi/lib/thumb/v6-m\libg_nano.a(lib_a-lseekr.o)
 .ARM.attributes
                0x0000056f       0x2c c:/program files (x86)/gnu tools arm embedded/6 2017-q1-update/bin/../lib/gcc/arm-none-eabi/6.3.1/../../../../arm-none-eabi/lib/thumb/v6-m\libg_nano.a(lib_a-memchr-stub.o)
 .ARM.attributes
                0x0000059b       0x2c c:/program files (x86)/gnu tools arm embedded/6 2017-q1-update/bin/../lib/gcc/arm-none-eabi/6.3.1/../../../../arm-none-eabi/lib/thumb/v6-m\libg_nano.a(lib_a-mlock.o)
 .ARM.attributes
                0x000005c7       0x2c c:/program files (x86)/gnu tools arm embedded/6 2017-q1-update/bin/../lib/gcc/arm-none-eabi/6.3.1/../../../../arm-none-eabi/lib/thumb/v6-m\libg_nano.a(lib_a-readr.o)
 .ARM.attributes
                0x000005f3       0x2c c:/program files (x86)/gnu tools arm embedded/6 2017-q1-update/bin/../lib/gcc/arm-none-eabi/6.3.1/thumb/v6-m/crtend.o
 .ARM.attributes
                0x0000061f       0x1e c:/program files (x86)/gnu tools arm embedded/6 2017-q1-update/bin/../lib/gcc/arm-none-eabi/6.3.1/thumb/v6-m/crtn.o
 .ARM.attributes
                0x0000063d       0x2c c:/program files (x86)/gnu tools arm embedded/6 2017-q1-update/bin/../lib/gcc/arm-none-eabi/6.3.1/../../../../arm-none-eabi/lib/thumb/v6-m\libnosys.a(sbrk.o)
 .ARM.attributes
                0x00000669       0x2c c:/program files (x86)/gnu tools arm embedded/6 2017-q1-update/bin/../lib/gcc/arm-none-eabi/6.3.1/../../../../arm-none-eabi/lib/thumb/v6-m\libnosys.a(_exit.o)

.comment        0x00000000       0x7f
 .comment       0x00000000       0x7f ./Library/retarget.o
                                 0x80 (size before relaxing)
 .comment       0x0000007f       0x80 ./CMSIS/GCC/_syscalls.o
 .comment       0x0000007f       0x80 ./CMSIS/system_M031Series.o

.debug_info     0x00000000     0x319a
 .debug_info    0x00000000      0xe09 ./Library/retarget.o
 .debug_info    0x00000e09     0x11bb ./CMSIS/GCC/_syscalls.o
 .debug_info    0x00001fc4       0x8f ./CMSIS/GCC/startup_M031Series.o
 .debug_info    0x00002053     0x1147 ./CMSIS/system_M031Series.o

.debug_abbrev   0x00000000      0x838
 .debug_abbrev  0x00000000      0x32f ./Library/retarget.o
 .debug_abbrev  0x0000032f      0x289 ./CMSIS/GCC/_syscalls.o
 .debug_abbrev  0x000005b8       0x14 ./CMSIS/GCC/startup_M031Series.o
 .debug_abbrev  0x000005cc      0x26c ./CMSIS/system_M031Series.o

.debug_loc      0x00000000      0x7ac
 .debug_loc     0x00000000      0x184 ./Library/retarget.o
 .debug_loc     0x00000184      0x549 ./CMSIS/GCC/_syscalls.o
 .debug_loc     0x000006cd       0xdf ./CMSIS/system_M031Series.o

.debug_aranges  0x00000000      0x188
 .debug_aranges
                0x00000000       0x70 ./Library/retarget.o
 .debug_aranges
                0x00000070       0xd0 ./CMSIS/GCC/_syscalls.o
 .debug_aranges
                0x00000140       0x20 ./CMSIS/GCC/startup_M031Series.o
 .debug_aranges
                0x00000160       0x28 ./CMSIS/system_M031Series.o

.debug_ranges   0x00000000      0x138
 .debug_ranges  0x00000000       0x60 ./Library/retarget.o
 .debug_ranges  0x00000060       0xc0 ./CMSIS/GCC/_syscalls.o
 .debug_ranges  0x00000120       0x18 ./CMSIS/system_M031Series.o

.debug_line     0x00000000      0xa71
 .debug_line    0x00000000      0x377 ./Library/retarget.o
 .debug_line    0x00000377      0x3e3 ./CMSIS/GCC/_syscalls.o
 .debug_line    0x0000075a       0x81 ./CMSIS/GCC/startup_M031Series.o
 .debug_line    0x000007db      0x296 ./CMSIS/system_M031Series.o

.debug_str      0x00000000      0xd41
 .debug_str     0x00000000      0x6f7 ./Library/retarget.o
                                0x79b (size before relaxing)
 .debug_str     0x000006f7      0x2aa ./CMSIS/GCC/_syscalls.o
                                0x8b6 (size before relaxing)
 .debug_str     0x000009a1      0x3a0 ./CMSIS/system_M031Series.o
                                0xa19 (size before relaxing)

.debug_frame    0x00000000      0xb08
 .debug_frame   0x00000000       0xf0 ./Library/retarget.o
 .debug_frame   0x000000f0      0x230 ./CMSIS/GCC/_syscalls.o
 .debug_frame   0x00000320       0x3c ./CMSIS/system_M031Series.o
 .debug_frame   0x0000035c       0x20 c:/program files (x86)/gnu tools arm embedded/6 2017-q1-update/bin/../lib/gcc/arm-none-eabi/6.3.1/thumb/v6-m\libgcc.a(_udivsi3.o)
 .debug_frame   0x0000037c       0x20 c:/program files (x86)/gnu tools arm embedded/6 2017-q1-update/bin/../lib/gcc/arm-none-eabi/6.3.1/../../../../arm-none-eabi/lib/thumb/v6-m\libg_nano.a(lib_a-errno.o)
 .debug_frame   0x0000039c       0x28 c:/program files (x86)/gnu tools arm embedded/6 2017-q1-update/bin/../lib/gcc/arm-none-eabi/6.3.1/../../../../arm-none-eabi/lib/thumb/v6-m\libg_nano.a(lib_a-exit.o)
 .debug_frame   0x000003c4       0x2c c:/program files (x86)/gnu tools arm embedded/6 2017-q1-update/bin/../lib/gcc/arm-none-eabi/6.3.1/../../../../arm-none-eabi/lib/thumb/v6-m\libg_nano.a(lib_a-init.o)
 .debug_frame   0x000003f0       0x20 c:/program files (x86)/gnu tools arm embedded/6 2017-q1-update/bin/../lib/gcc/arm-none-eabi/6.3.1/../../../../arm-none-eabi/lib/thumb/v6-m\libg_nano.a(lib_a-memset.o)
 .debug_frame   0x00000410       0x50 c:/program files (x86)/gnu tools arm embedded/6 2017-q1-update/bin/../lib/gcc/arm-none-eabi/6.3.1/../../../../arm-none-eabi/lib/thumb/v6-m\libg_nano.a(lib_a-printf.o)
 .debug_frame   0x00000460       0x44 c:/program files (x86)/gnu tools arm embedded/6 2017-q1-update/bin/../lib/gcc/arm-none-eabi/6.3.1/../../../../arm-none-eabi/lib/thumb/v6-m\libg_nano.a(lib_a-puts.o)
 .debug_frame   0x000004a4       0x48 c:/program files (x86)/gnu tools arm embedded/6 2017-q1-update/bin/../lib/gcc/arm-none-eabi/6.3.1/../../../../arm-none-eabi/lib/thumb/v6-m\libg_nano.a(lib_a-wbuf.o)
 .debug_frame   0x000004ec       0x2c c:/program files (x86)/gnu tools arm embedded/6 2017-q1-update/bin/../lib/gcc/arm-none-eabi/6.3.1/../../../../arm-none-eabi/lib/thumb/v6-m\libg_nano.a(lib_a-wsetup.o)
 .debug_frame   0x00000518       0x68 c:/program files (x86)/gnu tools arm embedded/6 2017-q1-update/bin/../lib/gcc/arm-none-eabi/6.3.1/../../../../arm-none-eabi/lib/thumb/v6-m\libg_nano.a(lib_a-fflush.o)
 .debug_frame   0x00000580      0x140 c:/program files (x86)/gnu tools arm embedded/6 2017-q1-update/bin/../lib/gcc/arm-none-eabi/6.3.1/../../../../arm-none-eabi/lib/thumb/v6-m\libg_nano.a(lib_a-findfp.o)
 .debug_frame   0x000006c0       0x58 c:/program files (x86)/gnu tools arm embedded/6 2017-q1-update/bin/../lib/gcc/arm-none-eabi/6.3.1/../../../../arm-none-eabi/lib/thumb/v6-m\libg_nano.a(lib_a-fwalk.o)
 .debug_frame   0x00000718       0x54 c:/program files (x86)/gnu tools arm embedded/6 2017-q1-update/bin/../lib/gcc/arm-none-eabi/6.3.1/../../../../arm-none-eabi/lib/thumb/v6-m\libg_nano.a(lib_a-makebuf.o)
 .debug_frame   0x0000076c       0x2c c:/program files (x86)/gnu tools arm embedded/6 2017-q1-update/bin/../lib/gcc/arm-none-eabi/6.3.1/../../../../arm-none-eabi/lib/thumb/v6-m\libg_nano.a(lib_a-nano-freer.o)
 .debug_frame   0x00000798       0x2c c:/program files (x86)/gnu tools arm embedded/6 2017-q1-update/bin/../lib/gcc/arm-none-eabi/6.3.1/../../../../arm-none-eabi/lib/thumb/v6-m\libg_nano.a(lib_a-nano-mallocr.o)
 .debug_frame   0x000007c4       0x9c c:/program files (x86)/gnu tools arm embedded/6 2017-q1-update/bin/../lib/gcc/arm-none-eabi/6.3.1/../../../../arm-none-eabi/lib/thumb/v6-m\libg_nano.a(lib_a-nano-vfprintf.o)
 .debug_frame   0x00000860       0x54 c:/program files (x86)/gnu tools arm embedded/6 2017-q1-update/bin/../lib/gcc/arm-none-eabi/6.3.1/../../../../arm-none-eabi/lib/thumb/v6-m\libg_nano.a(lib_a-nano-vfprintf_i.o)
 .debug_frame   0x000008b4       0x2c c:/program files (x86)/gnu tools arm embedded/6 2017-q1-update/bin/../lib/gcc/arm-none-eabi/6.3.1/../../../../arm-none-eabi/lib/thumb/v6-m\libg_nano.a(lib_a-sbrkr.o)
 .debug_frame   0x000008e0       0x90 c:/program files (x86)/gnu tools arm embedded/6 2017-q1-update/bin/../lib/gcc/arm-none-eabi/6.3.1/../../../../arm-none-eabi/lib/thumb/v6-m\libg_nano.a(lib_a-stdio.o)
 .debug_frame   0x00000970       0x2c c:/program files (x86)/gnu tools arm embedded/6 2017-q1-update/bin/../lib/gcc/arm-none-eabi/6.3.1/../../../../arm-none-eabi/lib/thumb/v6-m\libg_nano.a(lib_a-writer.o)
 .debug_frame   0x0000099c       0x2c c:/program files (x86)/gnu tools arm embedded/6 2017-q1-update/bin/../lib/gcc/arm-none-eabi/6.3.1/../../../../arm-none-eabi/lib/thumb/v6-m\libg_nano.a(lib_a-closer.o)
 .debug_frame   0x000009c8       0x2c c:/program files (x86)/gnu tools arm embedded/6 2017-q1-update/bin/../lib/gcc/arm-none-eabi/6.3.1/../../../../arm-none-eabi/lib/thumb/v6-m\libg_nano.a(lib_a-fstatr.o)
 .debug_frame   0x000009f4       0x2c c:/program files (x86)/gnu tools arm embedded/6 2017-q1-update/bin/../lib/gcc/arm-none-eabi/6.3.1/../../../../arm-none-eabi/lib/thumb/v6-m\libg_nano.a(lib_a-isattyr.o)
 .debug_frame   0x00000a20       0x2c c:/program files (x86)/gnu tools arm embedded/6 2017-q1-update/bin/../lib/gcc/arm-none-eabi/6.3.1/../../../../arm-none-eabi/lib/thumb/v6-m\libg_nano.a(lib_a-lseekr.o)
 .debug_frame   0x00000a4c       0x20 c:/program files (x86)/gnu tools arm embedded/6 2017-q1-update/bin/../lib/gcc/arm-none-eabi/6.3.1/../../../../arm-none-eabi/lib/thumb/v6-m\libg_nano.a(lib_a-memchr-stub.o)
 .debug_frame   0x00000a6c       0x30 c:/program files (x86)/gnu tools arm embedded/6 2017-q1-update/bin/../lib/gcc/arm-none-eabi/6.3.1/../../../../arm-none-eabi/lib/thumb/v6-m\libg_nano.a(lib_a-mlock.o)
 .debug_frame   0x00000a9c       0x2c c:/program files (x86)/gnu tools arm embedded/6 2017-q1-update/bin/../lib/gcc/arm-none-eabi/6.3.1/../../../../arm-none-eabi/lib/thumb/v6-m\libg_nano.a(lib_a-readr.o)
 .debug_frame   0x00000ac8       0x20 c:/program files (x86)/gnu tools arm embedded/6 2017-q1-update/bin/../lib/gcc/arm-none-eabi/6.3.1/../../../../arm-none-eabi/lib/thumb/v6-m\libnosys.a(sbrk.o)
 .debug_frame   0x00000ae8       0x20 c:/program files (x86)/gnu tools arm embedded/6 2017-q1-update/bin/../lib/gcc/arm-none-eabi/6.3.1/../../../../arm-none-eabi/lib/thumb/v6-m\libnosys.a(_exit.o)
